node.exe : npm warn config optional Use `--omit=optional` to exclude optional dependencies, or
No C:\Program Files\nodejs\npm.ps1:29 caractere:3
+   & $NODE_EXE $NPM_CLI_JS $args
+   ~~~~~~~~~~~~~~~~~~~~~~~~~~~~~
    + CategoryInfo          : NotSpecified: (npm warn config...ependencies, or:String) [], RemoteException
    + FullyQualifiedErrorId : NativeCommandError
 
npm warn config `--include=optional` to include them.
npm warn config
npm warn config       Default value does install optional deps unless otherwise omitted.

> notion-spark-studio@0.1.0 test
> jest --passWithNoTests

PASS src/__tests__/PerformanceOptimizer.test.tsx (7.602 s)
  ÔùÅ Console

    console.log
      ­ƒº¬ Test environment configured successfully

      at Object.<anonymous> (src/setupTests.ts:325:11)

    console.log
      SW registered: {
        active: {
          postMessage: [Function: mockConstructor] {
            _isMockFunction: true,
            getMockImplementation: [Function (anonymous)],
            mock: [Getter/Setter],
            mockClear: [Function (anonymous)],
            mockReset: [Function (anonymous)],
            mockRestore: [Function (anonymous)],
            mockReturnValueOnce: [Function (anonymous)],
            mockResolvedValueOnce: [Function (anonymous)],
            mockRejectedValueOnce: [Function (anonymous)],
            mockReturnValue: [Function (anonymous)],
            mockResolvedValue: [Function (anonymous)],
            mockRejectedValue: [Function (anonymous)],
            mockImplementationOnce: [Function (anonymous)],
            withImplementation: [Function: bound withImplementation],
            mockImplementation: [Function (anonymous)],
            mockReturnThis: [Function (anonymous)],
            mockName: [Function (anonymous)],
            getMockName: [Function (anonymous)]
          }
        }
      }

      at Function.initialize (src/utils/PerformanceOptimizer.tsx:557:17)

    console.log
      SW registered: {
        active: {
          postMessage: [Function: mockConstructor] {
            _isMockFunction: true,
            getMockImplementation: [Function (anonymous)],
            mock: [Getter/Setter],
            mockClear: [Function (anonymous)],
            mockReset: [Function (anonymous)],
            mockRestore: [Function (anonymous)],
            mockReturnValueOnce: [Function (anonymous)],
            mockResolvedValueOnce: [Function (anonymous)],
            mockRejectedValueOnce: [Function (anonymous)],
            mockReturnValue: [Function (anonymous)],
            mockResolvedValue: [Function (anonymous)],
            mockRejectedValue: [Function (anonymous)],
            mockImplementationOnce: [Function (anonymous)],
            withImplementation: [Function: bound withImplementation],
            mockImplementation: [Function (anonymous)],
            mockReturnThis: [Function (anonymous)],
            mockName: [Function (anonymous)],
            getMockName: [Function (anonymous)]
          }
        }
      }

      at Function.initialize (src/utils/PerformanceOptimizer.tsx:557:17)

    console.log
      SW registered: {
        active: {
          postMessage: [Function: mockConstructor] {
            _isMockFunction: true,
            getMockImplementation: [Function (anonymous)],
            mock: [Getter/Setter],
            mockClear: [Function (anonymous)],
            mockReset: [Function (anonymous)],
            mockRestore: [Function (anonymous)],
            mockReturnValueOnce: [Function (anonymous)],
            mockResolvedValueOnce: [Function (anonymous)],
            mockRejectedValueOnce: [Function (anonymous)],
            mockReturnValue: [Function (anonymous)],
            mockResolvedValue: [Function (anonymous)],
            mockRejectedValue: [Function (anonymous)],
            mockImplementationOnce: [Function (anonymous)],
            withImplementation: [Function: bound withImplementation],
            mockImplementation: [Function (anonymous)],
            mockReturnThis: [Function (anonymous)],
            mockName: [Function (anonymous)],
            getMockName: [Function (anonymous)]
          }
        }
      }

      at Function.initialize (src/utils/PerformanceOptimizer.tsx:557:17)

    console.log
      SW registered: {
        active: {
          postMessage: [Function: mockConstructor] {
            _isMockFunction: true,
            getMockImplementation: [Function (anonymous)],
            mock: [Getter/Setter],
            mockClear: [Function (anonymous)],
            mockReset: [Function (anonymous)],
            mockRestore: [Function (anonymous)],
            mockReturnValueOnce: [Function (anonymous)],
            mockResolvedValueOnce: [Function (anonymous)],
            mockRejectedValueOnce: [Function (anonymous)],
            mockReturnValue: [Function (anonymous)],
            mockResolvedValue: [Function (anonymous)],
            mockRejectedValue: [Function (anonymous)],
            mockImplementationOnce: [Function (anonymous)],
            withImplementation: [Function: bound withImplementation],
            mockImplementation: [Function (anonymous)],
            mockReturnThis: [Function (anonymous)],
            mockName: [Function (anonymous)],
            getMockName: [Function (anonymous)]
          }
        }
      }

      at Function.initialize (src/utils/PerformanceOptimizer.tsx:557:17)

FAIL src/__tests__/taskService.test.tsx
  ÔùÅ Console

    console.log
      ­ƒº¬ Test environment configured successfully

      at Object.<anonymous> (src/setupTests.ts:325:11)

  ÔùÅ TaskService ÔÇ║ should create task successfully

    TypeError: Cannot read properties of undefined (reading 'createTask')

    [0m [90m 118 |[39m
     [90m 119 |[39m   it([32m'should create task successfully'[39m[33m,[39m [36masync[39m () 
[33m=>[39m {
    [31m[1m>[22m[39m[90m 120 |[39m     [36mconst[39m result [33m=[39m [36mawait[39m 
taskService[33m.[39mcreateTask({
     [90m     |[39m                                      [31m[1m^[22m[39m
     [90m 121 |[39m       title[33m:[39m [32m'Test Task'[39m[33m,[39m
     [90m 122 |[39m       description[33m:[39m [32m'Test Description'[39m[33m,[39m
     [90m 123 |[39m       status[33m:[39m [32m'todo'[39m[33m,[39m[0m

      at Object.<anonymous> (src/__tests__/taskService.test.tsx:120:38)

  ÔùÅ TaskService ÔÇ║ should update task successfully

    TypeError: Cannot read properties of undefined (reading 'updateTask')

    [0m [90m 132 |[39m
     [90m 133 |[39m   it([32m'should update task successfully'[39m[33m,[39m [36masync[39m () 
[33m=>[39m {
    [31m[1m>[22m[39m[90m 134 |[39m     [36mconst[39m result [33m=[39m [36mawait[39m 
taskService[33m.[39mupdateTask([32m'1'[39m[33m,[39m { title[33m:[39m [32m'Updated Task'[39m 
})[33m;[39m
     [90m     |[39m                                      [31m[1m^[22m[39m
     [90m 135 |[39m     expect(result)[33m.[39mtoBeDefined()[33m;[39m
     [90m 136 |[39m   })[33m;[39m
     [90m 137 |[39m[0m

      at Object.<anonymous> (src/__tests__/taskService.test.tsx:134:38)

  ÔùÅ TaskService ÔÇ║ should delete task successfully

    TypeError: Cannot read properties of undefined (reading 'deleteTask')

    [0m [90m 137 |[39m
     [90m 138 |[39m   it([32m'should delete task successfully'[39m[33m,[39m [36masync[39m () 
[33m=>[39m {
    [31m[1m>[22m[39m[90m 139 |[39m     [36mawait[39m expect(taskService[33m.[39mdeleteTask([32m'
1'[39m))[33m.[39mresolves[33m.[39mtoBeUndefined()[33m;[39m
     [90m     |[39m                              [31m[1m^[22m[39m
     [90m 140 |[39m   })[33m;[39m
     [90m 141 |[39m
     [90m 142 |[39m   it([32m'should get tasks successfully'[39m[33m,[39m [36masync[39m () 
[33m=>[39m {[0m

      at Object.<anonymous> (src/__tests__/taskService.test.tsx:139:30)

  ÔùÅ TaskService ÔÇ║ should get tasks successfully

    TypeError: Cannot read properties of undefined (reading 'getTasks')

    [0m [90m 141 |[39m
     [90m 142 |[39m   it([32m'should get tasks successfully'[39m[33m,[39m [36masync[39m () 
[33m=>[39m {
    [31m[1m>[22m[39m[90m 143 |[39m     [36mconst[39m result [33m=[39m [36mawait[39m 
taskService[33m.[39mgetTasks()[33m;[39m
     [90m     |[39m                                      [31m[1m^[22m[39m
     [90m 144 |[39m     expect(result)[33m.[39mtoBeDefined()[33m;[39m
     [90m 145 |[39m     expect(result[33m.[39mdata)[33m.[39mtoBeDefined()[33m;[39m
     [90m 146 |[39m   })[33m;[39m[0m

      at Object.<anonymous> (src/__tests__/taskService.test.tsx:143:38)

  ÔùÅ TaskService ÔÇ║ should get task by id successfully

    TypeError: Cannot read properties of undefined (reading 'getTaskById')

    [0m [90m 147 |[39m
     [90m 148 |[39m   it([32m'should get task by id successfully'[39m[33m,[39m [36masync[39m () 
[33m=>[39m {
    [31m[1m>[22m[39m[90m 149 |[39m     [36mconst[39m result [33m=[39m [36mawait[39m 
taskService[33m.[39mgetTaskById([32m'1'[39m)[33m;[39m
     [90m     |[39m                                      [31m[1m^[22m[39m
     [90m 150 |[39m     expect(result)[33m.[39mtoBeDefined()[33m;[39m
     [90m 151 |[39m   })[33m;[39m
     [90m 152 |[39m[0m

      at Object.<anonymous> (src/__tests__/taskService.test.tsx:149:38)

  ÔùÅ TaskService ÔÇ║ should return cache stats

    TypeError: Cannot read properties of undefined (reading 'getCacheStats')

    [0m [90m 152 |[39m
     [90m 153 |[39m   it([32m'should return cache stats'[39m[33m,[39m () [33m=>[39m {
    [31m[1m>[22m[39m[90m 154 |[39m     [36mconst[39m stats [33m=[39m 
taskService[33m.[39mgetCacheStats()[33m;[39m
     [90m     |[39m                               [31m[1m^[22m[39m
     [90m 155 |[39m     expect(stats)[33m.[39mtoBeDefined()[33m;[39m
     [90m 156 |[39m   })[33m;[39m
     [90m 157 |[39m[0m

      at Object.<anonymous> (src/__tests__/taskService.test.tsx:154:31)

  ÔùÅ TaskService ÔÇ║ getTasks ÔÇ║ deve buscar tarefas sem filtros

    TypeError: Cannot read properties of undefined (reading 'getTasks')

    [0m [90m 165 |[39m       })[33m;[39m
     [90m 166 |[39m
    [31m[1m>[22m[39m[90m 167 |[39m       [36mconst[39m result [33m=[39m [36mawait[39m 
taskService[33m.[39mgetTasks()[33m;[39m
     [90m     |[39m                                        [31m[1m^[22m[39m
     [90m 168 |[39m
     [90m 169 |[39m       expect(result[33m.[39mdata)[33m.[39mtoHaveLength([35m1[39m)[33m;[39m
     [90m 170 |[39m       
expect(result[33m.[39mpagination[33m.[39mtotal)[33m.[39mtoBe([35m1[39m)[33m;[39m[0m

      at Object.<anonymous> (src/__tests__/taskService.test.tsx:167:40)

  ÔùÅ TaskService ÔÇ║ getTasks ÔÇ║ deve aplicar filtros corretamente

    TypeError: Cannot read properties of undefined (reading 'getTasks')

    [0m [90m 186 |[39m       }[33m;[39m
     [90m 187 |[39m
    [31m[1m>[22m[39m[90m 188 |[39m       [36mconst[39m result [33m=[39m [36mawait[39m 
taskService[33m.[39mgetTasks(filters)[33m;[39m
     [90m     |[39m                                        [31m[1m^[22m[39m
     [90m 189 |[39m
     [90m 190 |[39m       expect(result[33m.[39mdata)[33m.[39mtoHaveLength([35m1[39m)[33m;[39m
     [90m 191 |[39m       
expect(result[33m.[39mpagination[33m.[39mtotal)[33m.[39mtoBe([35m1[39m)[33m;[39m[0m

      at Object.<anonymous> (src/__tests__/taskService.test.tsx:188:40)

  ÔùÅ TaskService ÔÇ║ getTasks ÔÇ║ deve lidar com pesquisa vazia

    TypeError: Cannot read properties of undefined (reading 'getTasks')

    [0m [90m 200 |[39m
     [90m 201 |[39m       [36mconst[39m filters[33m:[39m [33mTaskFilters[39m [33m=[39m { 
search[33m:[39m [32m''[39m }[33m;[39m
    [31m[1m>[22m[39m[90m 202 |[39m       [36mconst[39m result [33m=[39m [36mawait[39m 
taskService[33m.[39mgetTasks(filters)[33m;[39m
     [90m     |[39m                                        [31m[1m^[22m[39m
     [90m 203 |[39m
     [90m 204 |[39m       expect(result[33m.[39mdata)[33m.[39mtoHaveLength([35m0[39m)[33m;[39m
     [90m 205 |[39m     })[33m;[39m[0m

      at Object.<anonymous> (src/__tests__/taskService.test.tsx:202:40)

  ÔùÅ TaskService ÔÇ║ getTasks ÔÇ║ deve aplicar filtro de data corretamente

    TypeError: Cannot read properties of undefined (reading 'getTasks')

    [0m [90m 216 |[39m       }[33m;[39m
     [90m 217 |[39m
    [31m[1m>[22m[39m[90m 218 |[39m       [36mconst[39m result [33m=[39m [36mawait[39m 
taskService[33m.[39mgetTasks(filters)[33m;[39m
     [90m     |[39m                                        [31m[1m^[22m[39m
     [90m 219 |[39m       expect(result[33m.[39mdata)[33m.[39mtoHaveLength([35m1[39m)[33m;[39m
     [90m 220 |[39m     })[33m;[39m
     [90m 221 |[39m[0m

      at Object.<anonymous> (src/__tests__/taskService.test.tsx:218:40)

  ÔùÅ TaskService ÔÇ║ getTasks ÔÇ║ deve aplicar pagina├º├úo corretamente

    TypeError: Cannot read properties of undefined (reading 'getTasks')

    [0m [90m 228 |[39m
     [90m 229 |[39m       [36mconst[39m pagination [33m=[39m { page[33m:[39m 
[35m2[39m[33m,[39m limit[33m:[39m [35m5[39m }[33m;[39m
    [31m[1m>[22m[39m[90m 230 |[39m       [36mconst[39m result [33m=[39m [36mawait[39m 
taskService[33m.[39mgetTasks({}[33m,[39m pagination)[33m;[39m
     [90m     |[39m                                        [31m[1m^[22m[39m
     [90m 231 |[39m
     [90m 232 |[39m       
expect(result[33m.[39mpagination[33m.[39mpage)[33m.[39mtoBe([35m2[39m)[33m;[39m
     [90m 233 |[39m       
expect(result[33m.[39mpagination[33m.[39mlimit)[33m.[39mtoBe([35m5[39m)[33m;[39m[0m

      at Object.<anonymous> (src/__tests__/taskService.test.tsx:230:40)

  ÔùÅ TaskService ÔÇ║ getTasksByUser ÔÇ║ deve buscar tarefas por usu├írio com sucesso

    TypeError: Cannot read properties of undefined (reading 'getTasksByUser')

    [0m [90m 245 |[39m       })[33m;[39m
     [90m 246 |[39m
    [31m[1m>[22m[39m[90m 247 |[39m       [36mconst[39m result [33m=[39m [36mawait[39m 
taskService[33m.[39mgetTasksByUser([32m'user1'[39m)[33m;[39m
     [90m     |[39m                                        [31m[1m^[22m[39m
     [90m 248 |[39m
     [90m 249 |[39m       expect(result[33m.[39mdata)[33m.[39mtoHaveLength([35m1[39m)[33m;[39m
     [90m 250 |[39m       
expect(result[33m.[39mpagination[33m.[39mtotal)[33m.[39mtoBe([35m1[39m)[33m;[39m[0m

      at Object.<anonymous> (src/__tests__/taskService.test.tsx:247:40)

  ÔùÅ TaskService ÔÇ║ getTasksByUser ÔÇ║ deve retornar resultado vazio quando n├úo h├í dados

    TypeError: Cannot read properties of undefined (reading 'getTasksByUser')

    [0m [90m 258 |[39m       })[33m;[39m
     [90m 259 |[39m
    [31m[1m>[22m[39m[90m 260 |[39m       [36mconst[39m result [33m=[39m [36mawait[39m 
taskService[33m.[39mgetTasksByUser([32m'user1'[39m)[33m;[39m
     [90m     |[39m                                        [31m[1m^[22m[39m
     [90m 261 |[39m
     [90m 262 |[39m       expect(result[33m.[39mdata)[33m.[39mtoHaveLength([35m0[39m)[33m;[39m
     [90m 263 |[39m       
expect(result[33m.[39mpagination[33m.[39mtotal)[33m.[39mtoBe([35m0[39m)[33m;[39m[0m

      at Object.<anonymous> (src/__tests__/taskService.test.tsx:260:40)

  ÔùÅ TaskService ÔÇ║ getTasksByUser ÔÇ║ deve lan├ºar erro para ID de usu├írio inv├ílido

    TypeError: Cannot read properties of undefined (reading 'getTasksByUser')

    [0m [90m 265 |[39m
     [90m 266 |[39m     it([32m'deve lan├ºar erro para ID de usu├írio inv├ílido'[39m[33m,[39m 
[36masync[39m () [33m=>[39m {
    [31m[1m>[22m[39m[90m 267 |[39m       [36mawait[39m expect(taskService[33m.[39mgetTasksByUser(
[32m''[39m))[33m.[39mrejects[33m.[39mtoThrow([33mTaskServiceError[39m)[33m;[39m
     [90m     |[39m                                [31m[1m^[22m[39m
     [90m 268 |[39m     })[33m;[39m
     [90m 269 |[39m
     [90m 270 |[39m     it([32m'deve aplicar pagina├º├úo corretamente'[39m[33m,[39m [36masync[39m 
() [33m=>[39m {[0m

      at Object.<anonymous> (src/__tests__/taskService.test.tsx:267:32)

  ÔùÅ TaskService ÔÇ║ getTasksByUser ÔÇ║ deve aplicar pagina├º├úo corretamente

    TypeError: Cannot read properties of undefined (reading 'getTasksByUser')

    [0m [90m 276 |[39m
     [90m 277 |[39m       [36mconst[39m pagination [33m=[39m { page[33m:[39m 
[35m1[39m[33m,[39m limit[33m:[39m [35m10[39m }[33m;[39m
    [31m[1m>[22m[39m[90m 278 |[39m       [36mconst[39m result [33m=[39m [36mawait[39m 
taskService[33m.[39mgetTasksByUser([32m'user1'[39m[33m,[39m pagination)[33m;[39m
     [90m     |[39m                                        [31m[1m^[22m[39m
     [90m 279 |[39m
     [90m 280 |[39m       
expect(result[33m.[39mpagination[33m.[39mpage)[33m.[39mtoBe([35m1[39m)[33m;[39m
     [90m 281 |[39m       
expect(result[33m.[39mpagination[33m.[39mlimit)[33m.[39mtoBe([35m10[39m)[33m;[39m[0m

      at Object.<anonymous> (src/__tests__/taskService.test.tsx:278:40)

  ÔùÅ TaskService ÔÇ║ bulkUpdateTasks ÔÇ║ deve atualizar m├║ltiplas tarefas

    TypeError: Cannot read properties of undefined (reading 'bulkUpdateTasks')

    [0m [90m 298 |[39m       ][33m;[39m
     [90m 299 |[39m
    [31m[1m>[22m[39m[90m 300 |[39m       [36mconst[39m result [33m=[39m [36mawait[39m 
taskService[33m.[39mbulkUpdateTasks(updates)[33m;[39m
     [90m     |[39m                                        [31m[1m^[22m[39m
     [90m 301 |[39m
     [90m 302 |[39m       expect(result)[33m.[39mtoHaveLength([35m2[39m)[33m;[39m
     [90m 303 |[39m     })[33m;[39m[0m

      at Object.<anonymous> (src/__tests__/taskService.test.tsx:300:40)

  ÔùÅ TaskService ÔÇ║ bulkUpdateTasks ÔÇ║ deve lan├ºar erro para lista vazia

    TypeError: Cannot read properties of undefined (reading 'bulkUpdateTasks')

    [0m [90m 304 |[39m
     [90m 305 |[39m     it([32m'deve lan├ºar erro para lista vazia'[39m[33m,[39m [36masync[39m () 
[33m=>[39m {
    [31m[1m>[22m[39m[90m 306 |[39m       [36mawait[39m expect(taskService[33m.[39mbulkUpdateTasks
([]))[33m.[39mrejects[33m.[39mtoThrow([33mTaskServiceError[39m)[33m;[39m
     [90m     |[39m                                [31m[1m^[22m[39m
     [90m 307 |[39m     })[33m;[39m
     [90m 308 |[39m   })[33m;[39m
     [90m 309 |[39m[0m

      at Object.<anonymous> (src/__tests__/taskService.test.tsx:306:32)

  ÔùÅ TaskService ÔÇ║ M├®todos utilit├írios ÔÇ║ deve retornar estat├¡sticas de auditoria

    TypeError: Cannot read properties of undefined (reading 'getAuditStats')

    [0m [90m 310 |[39m   describe([32m'M├®todos utilit├írios'[39m[33m,[39m () [33m=>[39m {
     [90m 311 |[39m     it([32m'deve retornar estat├¡sticas de auditoria'[39m[33m,[39m () 
[33m=>[39m {
    [31m[1m>[22m[39m[90m 312 |[39m       [36mconst[39m stats [33m=[39m 
taskService[33m.[39mgetAuditStats()[33m;[39m
     [90m     |[39m                                 [31m[1m^[22m[39m
     [90m 313 |[39m       expect(stats[33m.[39mtotalOperations)[33m.[39mtoBe([35m0[39m)[33m;[39m
     [90m 314 |[39m     })[33m;[39m
     [90m 315 |[39m[0m

      at Object.<anonymous> (src/__tests__/taskService.test.tsx:312:33)

  ÔùÅ TaskService ÔÇ║ M├®todos utilit├írios ÔÇ║ deve retornar hist├│rico de tarefa

    TypeError: Cannot read properties of undefined (reading 'getTaskHistory')

    [0m [90m 315 |[39m
     [90m 316 |[39m     it([32m'deve retornar hist├│rico de tarefa'[39m[33m,[39m () [33m=>[39m {
    [31m[1m>[22m[39m[90m 317 |[39m       [36mconst[39m history [33m=[39m 
taskService[33m.[39mgetTaskHistory([32m'1'[39m)[33m;[39m
     [90m     |[39m                                   [31m[1m^[22m[39m
     [90m 318 |[39m       expect(history)[33m.[39mtoEqual([])[33m;[39m
     [90m 319 |[39m     })[33m;[39m
     [90m 320 |[39m[0m

      at Object.<anonymous> (src/__tests__/taskService.test.tsx:317:35)

  ÔùÅ TaskService ÔÇ║ M├®todos utilit├írios ÔÇ║ deve detectar atividade suspeita

    TypeError: Cannot read properties of undefined (reading 'detectSuspiciousActivity')

    [0m [90m 320 |[39m
     [90m 321 |[39m     it([32m'deve detectar atividade suspeita'[39m[33m,[39m () [33m=>[39m {
    [31m[1m>[22m[39m[90m 322 |[39m       [36mconst[39m suspicious [33m=[39m 
taskService[33m.[39mdetectSuspiciousActivity()[33m;[39m
     [90m     |[39m                                      [31m[1m^[22m[39m
     [90m 323 |[39m       expect(suspicious[33m.[39mrapidOperations)[33m.[39mtoEqual([])[33m;[39m
     [90m 324 |[39m     })[33m;[39m
     [90m 325 |[39m   })[33m;[39m[0m

      at Object.<anonymous> (src/__tests__/taskService.test.tsx:322:38)

PASS src/__tests__/AdvancedSearchEngine.test.tsx (12.058 s)
  ÔùÅ Console

    console.log
      ­ƒº¬ Test environment configured successfully

      at Object.<anonymous> (src/setupTests.ts:325:11)

    console.log
      [AdvancedSearch] Initializing search engine...

      at AdvancedSearchEngine.initialize (src/services/AdvancedSearchEngine.ts:150:13)

    console.log
      [AdvancedSearch] Engine initialized with 3 documents in 6ms

      at AdvancedSearchEngine.initialize (src/services/AdvancedSearchEngine.ts:172:15)

    console.log
      [AdvancedSearch] Initializing search engine...

      at AdvancedSearchEngine.initialize (src/services/AdvancedSearchEngine.ts:150:13)

    console.log
      [AdvancedSearch] Engine initialized with 0 documents in 0ms

      at AdvancedSearchEngine.initialize (src/services/AdvancedSearchEngine.ts:172:15)

    console.log
      [AdvancedSearch] Initializing search engine...

      at AdvancedSearchEngine.initialize (src/services/AdvancedSearchEngine.ts:150:13)

    console.log
      [AdvancedSearch] Engine initialized with 0 documents in 0ms

      at AdvancedSearchEngine.initialize (src/services/AdvancedSearchEngine.ts:172:15)

    console.log
      [AdvancedSearch] Initializing search engine...

      at AdvancedSearchEngine.initialize (src/services/AdvancedSearchEngine.ts:150:13)

    console.log
      [AdvancedSearch] Engine initialized with 0 documents in 0ms

      at AdvancedSearchEngine.initialize (src/services/AdvancedSearchEngine.ts:172:15)

    console.log
      [AdvancedSearch] Initializing search engine...

      at AdvancedSearchEngine.initialize (src/services/AdvancedSearchEngine.ts:150:13)

    console.log
      [AdvancedSearch] Engine initialized with 3 documents in 0ms

      at AdvancedSearchEngine.initialize (src/services/AdvancedSearchEngine.ts:172:15)

    console.log
      [AdvancedSearch] Initializing search engine...

      at AdvancedSearchEngine.initialize (src/services/AdvancedSearchEngine.ts:150:13)

    console.log
      [AdvancedSearch] Engine initialized with 3 documents in 1ms

      at AdvancedSearchEngine.initialize (src/services/AdvancedSearchEngine.ts:172:15)

    console.log
      [AdvancedSearch] Initializing search engine...

      at AdvancedSearchEngine.initialize (src/services/AdvancedSearchEngine.ts:150:13)

    console.log
      [AdvancedSearch] Engine initialized with 3 documents in 1ms

      at AdvancedSearchEngine.initialize (src/services/AdvancedSearchEngine.ts:172:15)

    console.log
      [AdvancedSearch] Initializing search engine...

      at AdvancedSearchEngine.initialize (src/services/AdvancedSearchEngine.ts:150:13)

    console.log
      [AdvancedSearch] Engine initialized with 3 documents in 2ms

      at AdvancedSearchEngine.initialize (src/services/AdvancedSearchEngine.ts:172:15)

    console.log
      [AdvancedSearch] Initializing search engine...

      at AdvancedSearchEngine.initialize (src/services/AdvancedSearchEngine.ts:150:13)

    console.log
      [AdvancedSearch] Engine initialized with 3 documents in 0ms

      at AdvancedSearchEngine.initialize (src/services/AdvancedSearchEngine.ts:172:15)

    console.log
      [AdvancedSearch] Initializing search engine...

      at AdvancedSearchEngine.initialize (src/services/AdvancedSearchEngine.ts:150:13)

    console.log
      [AdvancedSearch] Engine initialized with 3 documents in 18ms

      at AdvancedSearchEngine.initialize (src/services/AdvancedSearchEngine.ts:172:15)

    console.log
      [AdvancedSearch] Initializing search engine...

      at AdvancedSearchEngine.initialize (src/services/AdvancedSearchEngine.ts:150:13)

    console.log
      [AdvancedSearch] Engine initialized with 3 documents in 0ms

      at AdvancedSearchEngine.initialize (src/services/AdvancedSearchEngine.ts:172:15)

    console.log
      [AdvancedSearch] Initializing search engine...

      at AdvancedSearchEngine.initialize (src/services/AdvancedSearchEngine.ts:150:13)

    console.log
      [AdvancedSearch] Engine initialized with 3 documents in 0ms

      at AdvancedSearchEngine.initialize (src/services/AdvancedSearchEngine.ts:172:15)

    console.log
      [AdvancedSearch] Initializing search engine...

      at AdvancedSearchEngine.initialize (src/services/AdvancedSearchEngine.ts:150:13)

    console.log
      [AdvancedSearch] Engine initialized with 3 documents in 0ms

      at AdvancedSearchEngine.initialize (src/services/AdvancedSearchEngine.ts:172:15)

    console.log
      [AdvancedSearch] Initializing search engine...

      at AdvancedSearchEngine.initialize (src/services/AdvancedSearchEngine.ts:150:13)

    console.log
      [AdvancedSearch] Engine initialized with 3 documents in 1ms

      at AdvancedSearchEngine.initialize (src/services/AdvancedSearchEngine.ts:172:15)

    console.log
      [AdvancedSearch] Initializing search engine...

      at AdvancedSearchEngine.initialize (src/services/AdvancedSearchEngine.ts:150:13)

    console.log
      [AdvancedSearch] Engine initialized with 3 documents in 1ms

      at AdvancedSearchEngine.initialize (src/services/AdvancedSearchEngine.ts:172:15)

    console.log
      [AdvancedSearch] Initializing search engine...

      at AdvancedSearchEngine.initialize (src/services/AdvancedSearchEngine.ts:150:13)

    console.log
      [AdvancedSearch] Engine initialized with 3 documents in 0ms

      at AdvancedSearchEngine.initialize (src/services/AdvancedSearchEngine.ts:172:15)

    console.log
      [useAdvancedSearch] Initializing search engine...

      at initializeEngine (src/hooks/useAdvancedSearch.ts:157:17)

    console.log
      [AdvancedSearch] Initializing search engine...

      at AdvancedSearchEngine.initialize (src/services/AdvancedSearchEngine.ts:150:13)

    console.log
      [AdvancedSearch] Engine initialized with 0 documents in 3ms

      at AdvancedSearchEngine.initialize (src/services/AdvancedSearchEngine.ts:172:15)

    console.log
      [useAdvancedSearch] Search engine initialized successfully

      at initializeEngine (src/hooks/useAdvancedSearch.ts:174:17)

    console.log
      [useAdvancedSearch] Initializing search engine...

      at initializeEngine (src/hooks/useAdvancedSearch.ts:157:17)

    console.log
      [AdvancedSearch] Initializing search engine...

      at AdvancedSearchEngine.initialize (src/services/AdvancedSearchEngine.ts:150:13)

    console.log
      [AdvancedSearch] Engine initialized with 0 documents in 2ms

      at AdvancedSearchEngine.initialize (src/services/AdvancedSearchEngine.ts:172:15)

    console.log
      [useAdvancedSearch] Search engine initialized successfully

      at initializeEngine (src/hooks/useAdvancedSearch.ts:174:17)

    console.log
      [useAdvancedSearch] Initializing search engine...

      at initializeEngine (src/hooks/useAdvancedSearch.ts:157:17)

    console.log
      [AdvancedSearch] Initializing search engine...

      at AdvancedSearchEngine.initialize (src/services/AdvancedSearchEngine.ts:150:13)

    console.log
      [AdvancedSearch] Engine initialized with 0 documents in 1ms

      at AdvancedSearchEngine.initialize (src/services/AdvancedSearchEngine.ts:172:15)

    console.log
      [useAdvancedSearch] Search engine initialized successfully

      at initializeEngine (src/hooks/useAdvancedSearch.ts:174:17)

    console.log
      [useAdvancedSearch] Initializing search engine...

      at initializeEngine (src/hooks/useAdvancedSearch.ts:157:17)

    console.log
      [AdvancedSearch] Initializing search engine...

      at AdvancedSearchEngine.initialize (src/services/AdvancedSearchEngine.ts:150:13)

    console.log
      [AdvancedSearch] Engine initialized with 0 documents in 1ms

      at AdvancedSearchEngine.initialize (src/services/AdvancedSearchEngine.ts:172:15)

    console.log
      [useAdvancedSearch] Search engine initialized successfully

      at initializeEngine (src/hooks/useAdvancedSearch.ts:174:17)

    console.log
      [useAdvancedSearch] Initializing search engine...

      at initializeEngine (src/hooks/useAdvancedSearch.ts:157:17)

    console.log
      [AdvancedSearch] Initializing search engine...

      at AdvancedSearchEngine.initialize (src/services/AdvancedSearchEngine.ts:150:13)

    console.log
      [AdvancedSearch] Engine initialized with 0 documents in 1ms

      at AdvancedSearchEngine.initialize (src/services/AdvancedSearchEngine.ts:172:15)

    console.log
      [useAdvancedSearch] Search engine initialized successfully

      at initializeEngine (src/hooks/useAdvancedSearch.ts:174:17)

    console.log
      [useAdvancedSearch] Initializing search engine...

      at initializeEngine (src/hooks/useAdvancedSearch.ts:157:17)

    console.log
      [AdvancedSearch] Initializing search engine...

      at AdvancedSearchEngine.initialize (src/services/AdvancedSearchEngine.ts:150:13)

    console.log
      [AdvancedSearch] Engine initialized with 0 documents in 1ms

      at AdvancedSearchEngine.initialize (src/services/AdvancedSearchEngine.ts:172:15)

    console.log
      [useAdvancedSearch] Search engine initialized successfully

      at initializeEngine (src/hooks/useAdvancedSearch.ts:174:17)

    console.log
      [useAdvancedSearch] Initializing search engine...

      at initializeEngine (src/hooks/useAdvancedSearch.ts:157:17)

    console.log
      [AdvancedSearch] Initializing search engine...

      at AdvancedSearchEngine.initialize (src/services/AdvancedSearchEngine.ts:150:13)

    console.log
      [AdvancedSearch] Engine initialized with 0 documents in 0ms

      at AdvancedSearchEngine.initialize (src/services/AdvancedSearchEngine.ts:172:15)

    console.log
      [useAdvancedSearch] Search engine initialized successfully

      at initializeEngine (src/hooks/useAdvancedSearch.ts:174:17)

    console.log
      [useAdvancedSearch] Performing search #1: test query

      at src/hooks/useAdvancedSearch.ts:245:15

    console.log
      [useAdvancedSearch] Search #1 completed in 0ms

      at src/hooks/useAdvancedSearch.ts:264:17

    console.log
      [useAdvancedSearch] Initializing search engine...

      at initializeEngine (src/hooks/useAdvancedSearch.ts:157:17)

    console.log
      [AdvancedSearch] Initializing search engine...

      at AdvancedSearchEngine.initialize (src/services/AdvancedSearchEngine.ts:150:13)

    console.log
      [AdvancedSearch] Engine initialized with 0 documents in 1ms

      at AdvancedSearchEngine.initialize (src/services/AdvancedSearchEngine.ts:172:15)

    console.log
      [useAdvancedSearch] Search engine initialized successfully

      at initializeEngine (src/hooks/useAdvancedSearch.ts:174:17)

    console.log
      [useAdvancedSearch] Initializing search engine...

      at initializeEngine (src/hooks/useAdvancedSearch.ts:157:17)

    console.log
      [AdvancedSearch] Initializing search engine...

      at AdvancedSearchEngine.initialize (src/services/AdvancedSearchEngine.ts:150:13)

    console.log
      [AdvancedSearch] Engine initialized with 0 documents in 1ms

      at AdvancedSearchEngine.initialize (src/services/AdvancedSearchEngine.ts:172:15)

    console.log
      [useAdvancedSearch] Search engine initialized successfully

      at initializeEngine (src/hooks/useAdvancedSearch.ts:174:17)

    console.log
      [AdvancedSearch] Initializing search engine...

      at AdvancedSearchEngine.initialize (src/services/AdvancedSearchEngine.ts:150:13)

    console.log
      [AdvancedSearch] Engine initialized with 1000 documents in 149ms

      at AdvancedSearchEngine.initialize (src/services/AdvancedSearchEngine.ts:172:15)

    console.log
      [AdvancedSearch] Initializing search engine...

      at AdvancedSearchEngine.initialize (src/services/AdvancedSearchEngine.ts:150:13)

    console.log
      [AdvancedSearch] Engine initialized with 3 documents in 1ms

      at AdvancedSearchEngine.initialize (src/services/AdvancedSearchEngine.ts:172:15)

FAIL src/__tests__/MobileEcosystem.test.tsx (12.88 s)
  ÔùÅ Console

    console.log
      ­ƒº¬ Test environment configured successfully

      at Object.<anonymous> (src/setupTests.ts:325:11)

    console.log
      [Mobile] Service Worker registered successfully

      at src/hooks/useMobileEcosystem.ts:366:17

    console.log
      [Mobile] Service Worker registered successfully

      at src/hooks/useMobileEcosystem.ts:366:17

    console.log
      [Mobile] Service Worker registered successfully

      at src/hooks/useMobileEcosystem.ts:366:17

    console.log
      [Mobile] Service Worker registered successfully

      at src/hooks/useMobileEcosystem.ts:366:17

    console.log
      [Mobile] Service Worker registered successfully

      at src/hooks/useMobileEcosystem.ts:366:17

    console.log
      [Mobile] Service Worker registered successfully

      at src/hooks/useMobileEcosystem.ts:366:17

    console.log
      [Mobile] Synced operation: create /api/documents

      at Object.syncOfflineOperations (src/hooks/useMobileEcosystem.ts:488:19)

    console.log
      [Mobile] Service Worker registered successfully

      at src/hooks/useMobileEcosystem.ts:366:17

    console.log
      [Mobile] Service Worker registered successfully

      at src/hooks/useMobileEcosystem.ts:366:17

    console.log
      [Mobile] Service Worker registered successfully

      at src/hooks/useMobileEcosystem.ts:366:17

    console.log
      [Mobile] Service Worker registered successfully

      at src/hooks/useMobileEcosystem.ts:366:17

    console.log
      [Mobile] Service Worker registered successfully

      at src/hooks/useMobileEcosystem.ts:366:17

    console.log
      [Mobile] Optimization service initialized successfully

      at MobileOptimizationService.initialize (src/services/MobileOptimizationService.ts:68:15)

    console.log
      [Mobile] Mobile optimizations applied successfully

      at MobileOptimizationService.optimizeForMobile (src/services/MobileOptimizationService.ts:142:15)

    console.log
      [Mobile] Service Worker registered successfully

      at src/hooks/useMobileEcosystem.ts:366:17

    console.log
      [Mobile] Service Worker registered successfully

      at src/hooks/useMobileEcosystem.ts:366:17

    console.log
      [Mobile] Service Worker registered successfully

      at src/hooks/useMobileEcosystem.ts:366:17

  ÔùÅ Mobile Ecosystem Tests ÔÇ║ Push Notifications ÔÇ║ should request notification permission

    expect(jest.fn()).toHaveBeenCalled()

    Expected number of calls: >= 1
    Received number of calls:    0

    [0m [90m 257 |[39m
     [90m 258 |[39m       [90m// Should have attempted to request permission[39m
    [31m[1m>[22m[39m[90m 259 |[39m       expect(mockWindow[33m.[39m[33mNotification[39m[33m.[39
mrequestPermission)[33m.[39mtoHaveBeenCalled()[33m;[39m
     [90m     |[39m                                                         [31m[1m^[22m[39m
     [90m 260 |[39m     })[33m;[39m
     [90m 261 |[39m
     [90m 262 |[39m     test([32m'should send push notifications'[39m[33m,[39m [36masync[39m () 
[33m=>[39m {[0m

      at Object.<anonymous> (src/__tests__/MobileEcosystem.test.tsx:259:57)

PASS src/__tests__/integration/SystemFlow.test.tsx
  ÔùÅ Console

    console.log
      ­ƒº¬ Test environment configured successfully

      at Object.<anonymous> (src/setupTests.ts:325:11)

    console.log
      [System Integration] Initializing system...

      at Object.initializeSystem (src/hooks/useSystemIntegration.ts:130:15)

    console.log
      [System Integration] System initialized successfully

      at Object.initializeSystem (src/hooks/useSystemIntegration.ts:204:15)

    console.log
      [System Integration] Initializing system...

      at Object.initializeSystem (src/hooks/useSystemIntegration.ts:130:15)

    console.log
      [System Integration] System initialized successfully

      at Object.initializeSystem (src/hooks/useSystemIntegration.ts:204:15)

    console.log
      [System Integration] Initializing system...

      at Object.initializeSystem (src/hooks/useSystemIntegration.ts:130:15)

    console.log
      [System Integration] System initialized successfully

      at Object.initializeSystem (src/hooks/useSystemIntegration.ts:204:15)

    console.log
      [System Integration] Initializing system...

      at Object.initializeSystem (src/hooks/useSystemIntegration.ts:130:15)

    console.log
      [System Integration] System initialized successfully

      at Object.initializeSystem (src/hooks/useSystemIntegration.ts:204:15)

    console.log
      [System Integration] Initializing system...

      at Object.initializeSystem (src/hooks/useSystemIntegration.ts:130:15)

    console.log
      [System Integration] System initialized successfully

      at Object.initializeSystem (src/hooks/useSystemIntegration.ts:204:15)

PASS src/__tests__/TaskCacheService.test.tsx
  ÔùÅ Console

    console.log
      ­ƒº¬ Test environment configured successfully

      at Object.<anonymous> (src/setupTests.ts:325:11)

PASS src/hooks/__tests__/usePerformance.test.ts
  ÔùÅ Console

    console.log
      ­ƒº¬ Test environment configured successfully

      at Object.<anonymous> (src/setupTests.ts:325:11)

PASS src/__tests__/AITagging.test.tsx
  ÔùÅ Console

    console.log
      ­ƒº¬ Test environment configured successfully

      at Object.<anonymous> (src/setupTests.ts:325:11)

PASS src/__tests__/useSystemIntegration.test.tsx
  ÔùÅ Console

    console.log
      ­ƒº¬ Test environment configured successfully

      at Object.<anonymous> (src/setupTests.ts:325:11)

    console.log
      [System Integration] Initializing system...

      at Object.initializeSystem (src/hooks/useSystemIntegration.ts:130:15)

    console.log
      [System Integration] System initialized successfully

      at Object.initializeSystem (src/hooks/useSystemIntegration.ts:204:15)

    console.log
      [System Integration] Initializing system...

      at Object.initializeSystem (src/hooks/useSystemIntegration.ts:130:15)

    console.log
      [System Integration] System initialized successfully

      at Object.initializeSystem (src/hooks/useSystemIntegration.ts:204:15)

FAIL src/__tests__/PerformanceMonitor.test.tsx
  ÔùÅ Console

    console.log
      ­ƒº¬ Test environment configured successfully

      at Object.<anonymous> (src/setupTests.ts:325:11)

  ÔùÅ PerformanceMonitor ÔÇ║ deve renderizar bot├úo de ativa├º├úo

    Element type is invalid: expected a string (for built-in components) or a class/function (for 
composite components) but got: undefined. You likely forgot to export your component from the file it's 
defined in, or you might have mixed up default and named imports.

    Check the render method of `PerformanceMonitor`.

    [0m [90m 49 |[39m describe([32m'PerformanceMonitor'[39m[33m,[39m () [33m=>[39m {
     [90m 50 |[39m   it([32m'deve renderizar bot├úo de ativa├º├úo'[39m[33m,[39m () [33m=>[39m {
    [31m[1m>[22m[39m[90m 51 |[39m     render([33m<[39m[33mPerformanceMonitor[39m 
[33m/[39m[33m>[39m)[33m;[39m
     [90m    |[39m           [31m[1m^[22m[39m
     [90m 52 |[39m     [36mconst[39m button [33m=[39m 
screen[33m.[39mgetByRole([32m'button'[39m)[33m;[39m
     [90m 53 |[39m     expect(button)[33m.[39mtoBeInTheDocument()[33m;[39m
     [90m 54 |[39m   })[33m;[39m[0m

      at createFiberFromTypeAndProps (node_modules/react-dom/cjs/react-dom-client.development.js:4259:28)
      at createFiberFromElement (node_modules/react-dom/cjs/react-dom-client.development.js:4273:14)
      at reconcileChildFibersImpl (node_modules/react-dom/cjs/react-dom-client.development.js:7879:31)
      at node_modules/react-dom/cjs/react-dom-client.development.js:8057:33
      at reconcileChildren (node_modules/react-dom/cjs/react-dom-client.development.js:8621:13)
      at beginWork (node_modules/react-dom/cjs/react-dom-client.development.js:10793:13)
      at runWithFiberInDEV (node_modules/react-dom/cjs/react-dom-client.development.js:1522:13)
      at performUnitOfWork (node_modules/react-dom/cjs/react-dom-client.development.js:15140:22)
      at workLoopSync (node_modules/react-dom/cjs/react-dom-client.development.js:14956:41)
      at renderRootSync (node_modules/react-dom/cjs/react-dom-client.development.js:14936:11)
      at performWorkOnRoot (node_modules/react-dom/cjs/react-dom-client.development.js:14462:44)
      at performWorkOnRootViaSchedulerTask 
(node_modules/react-dom/cjs/react-dom-client.development.js:16216:7)
      at flushActQueue (node_modules/react/cjs/react.development.js:566:34)
      at Object.<anonymous>.process.env.NODE_ENV.exports.act 
(node_modules/react/cjs/react.development.js:859:10)
      at node_modules/@testing-library/react/dist/act-compat.js:47:25
      at renderRoot (node_modules/@testing-library/react/dist/pure.js:180:26)
      at render (node_modules/@testing-library/react/dist/pure.js:271:10)
      at Object.<anonymous> (src/__tests__/PerformanceMonitor.test.tsx:51:11)

  ÔùÅ PerformanceMonitor ÔÇ║ deve abrir monitor quando clicado

    Element type is invalid: expected a string (for built-in components) or a class/function (for 
composite components) but got: undefined. You likely forgot to export your component from the file it's 
defined in, or you might have mixed up default and named imports.

    Check the render method of `PerformanceMonitor`.

    [0m [90m 55 |[39m
     [90m 56 |[39m   it([32m'deve abrir monitor quando clicado'[39m[33m,[39m () [33m=>[39m {
    [31m[1m>[22m[39m[90m 57 |[39m     render([33m<[39m[33mPerformanceMonitor[39m 
[33m/[39m[33m>[39m)[33m;[39m
     [90m    |[39m           [31m[1m^[22m[39m
     [90m 58 |[39m     [36mconst[39m button [33m=[39m 
screen[33m.[39mgetByRole([32m'button'[39m)[33m;[39m
     [90m 59 |[39m     fireEvent[33m.[39mclick(button)[33m;[39m
     [90m 60 |[39m     [0m

      at createFiberFromTypeAndProps (node_modules/react-dom/cjs/react-dom-client.development.js:4259:28)
      at createFiberFromElement (node_modules/react-dom/cjs/react-dom-client.development.js:4273:14)
      at reconcileChildFibersImpl (node_modules/react-dom/cjs/react-dom-client.development.js:7879:31)
      at node_modules/react-dom/cjs/react-dom-client.development.js:8057:33
      at reconcileChildren (node_modules/react-dom/cjs/react-dom-client.development.js:8621:13)
      at beginWork (node_modules/react-dom/cjs/react-dom-client.development.js:10793:13)
      at runWithFiberInDEV (node_modules/react-dom/cjs/react-dom-client.development.js:1522:13)
      at performUnitOfWork (node_modules/react-dom/cjs/react-dom-client.development.js:15140:22)
      at workLoopSync (node_modules/react-dom/cjs/react-dom-client.development.js:14956:41)
      at renderRootSync (node_modules/react-dom/cjs/react-dom-client.development.js:14936:11)
      at performWorkOnRoot (node_modules/react-dom/cjs/react-dom-client.development.js:14462:44)
      at performWorkOnRootViaSchedulerTask 
(node_modules/react-dom/cjs/react-dom-client.development.js:16216:7)
      at flushActQueue (node_modules/react/cjs/react.development.js:566:34)
      at Object.<anonymous>.process.env.NODE_ENV.exports.act 
(node_modules/react/cjs/react.development.js:859:10)
      at node_modules/@testing-library/react/dist/act-compat.js:47:25
      at renderRoot (node_modules/@testing-library/react/dist/pure.js:180:26)
      at render (node_modules/@testing-library/react/dist/pure.js:271:10)
      at Object.<anonymous> (src/__tests__/PerformanceMonitor.test.tsx:57:11)

  ÔùÅ PerformanceMonitor ÔÇ║ deve exibir m├®tricas FPS e Memory

    Element type is invalid: expected a string (for built-in components) or a class/function (for 
composite components) but got: undefined. You likely forgot to export your component from the file it's 
defined in, or you might have mixed up default and named imports.

    Check the render method of `PerformanceMonitor`.

    [0m [90m 63 |[39m
     [90m 64 |[39m   it([32m'deve exibir m├®tricas FPS e Memory'[39m[33m,[39m () [33m=>[39m {
    [31m[1m>[22m[39m[90m 65 |[39m     render([33m<[39m[33mPerformanceMonitor[39m 
[33m/[39m[33m>[39m)[33m;[39m
     [90m    |[39m           [31m[1m^[22m[39m
     [90m 66 |[39m     [36mconst[39m button [33m=[39m 
screen[33m.[39mgetByRole([32m'button'[39m)[33m;[39m
     [90m 67 |[39m     fireEvent[33m.[39mclick(button)[33m;[39m
     [90m 68 |[39m     [0m

      at createFiberFromTypeAndProps (node_modules/react-dom/cjs/react-dom-client.development.js:4259:28)
      at createFiberFromElement (node_modules/react-dom/cjs/react-dom-client.development.js:4273:14)
      at reconcileChildFibersImpl (node_modules/react-dom/cjs/react-dom-client.development.js:7879:31)
      at node_modules/react-dom/cjs/react-dom-client.development.js:8057:33
      at reconcileChildren (node_modules/react-dom/cjs/react-dom-client.development.js:8621:13)
      at beginWork (node_modules/react-dom/cjs/react-dom-client.development.js:10793:13)
      at runWithFiberInDEV (node_modules/react-dom/cjs/react-dom-client.development.js:1522:13)
      at performUnitOfWork (node_modules/react-dom/cjs/react-dom-client.development.js:15140:22)
      at workLoopSync (node_modules/react-dom/cjs/react-dom-client.development.js:14956:41)
      at renderRootSync (node_modules/react-dom/cjs/react-dom-client.development.js:14936:11)
      at performWorkOnRoot (node_modules/react-dom/cjs/react-dom-client.development.js:14462:44)
      at performWorkOnRootViaSchedulerTask 
(node_modules/react-dom/cjs/react-dom-client.development.js:16216:7)
      at flushActQueue (node_modules/react/cjs/react.development.js:566:34)
      at Object.<anonymous>.process.env.NODE_ENV.exports.act 
(node_modules/react/cjs/react.development.js:859:10)
      at node_modules/@testing-library/react/dist/act-compat.js:47:25
      at renderRoot (node_modules/@testing-library/react/dist/pure.js:180:26)
      at render (node_modules/@testing-library/react/dist/pure.js:271:10)
      at Object.<anonymous> (src/__tests__/PerformanceMonitor.test.tsx:65:11)

Test Suites: 3 failed, 7 passed, 10 total
Tests:       24 failed, 102 passed, 126 total
Snapshots:   0 total
Time:        28.098 s
Ran all test suites.
